TBBmalloc: skip allocation functions replacement in ucrtbase.dll: unknown prologue for function _msize
Info: *******************************************************************
Info: Running Quartus Prime Shell
    Info: Version 21.1.1 Build 850 06/23/2022 SJ Lite Edition
    Info: Copyright (C) 2022  Intel Corporation. All rights reserved.
    Info: Your use of Intel Corporation's design tools, logic functions 
    Info: and other software and tools, and any partner logic 
    Info: functions, and any output files from any of the foregoing 
    Info: (including device programming or simulation files), and any 
    Info: associated documentation or information are expressly subject 
    Info: to the terms and conditions of the Intel Program License 
    Info: Subscription Agreement, the Intel Quartus Prime License Agreement,
    Info: the Intel FPGA IP License Agreement, or other applicable license
    Info: agreement, including, without limitation, that your use is for
    Info: the sole purpose of programming logic devices manufactured by
    Info: Intel and sold by Intel or its authorized distributors.  Please
    Info: refer to the applicable agreement for further details, at
    Info: https://fpgasoftware.intel.com/eula.
    Info: Processing started: Fri Sep  4 12:34:56 2026
Info: Command: quartus_sh -t generate.tcl paprium 8
Info: Quartus(args): paprium 8
Info: paprium: area-optimised fitter settings applied
Info: fitter seed 8 (this run only - not written to the qsf)
Info: *******************************************************************
Info: Running Quartus Prime Shell
    Info: Version 21.1.1 Build 850 06/23/2022 SJ Lite Edition
    Info: Processing started: Fri Sep  4 12:34:57 2026
Info: Command: quartus_sh -t ../platform/pocket/build_id_gen.tcl compile megadrive_pocket megadrive_pocket
Info: Quartus(args): compile megadrive_pocket megadrive_pocket
Info: APF core build date/time generated: C:/Users/Profe/Downloads/PAPRIUM project/paprium-pocket/projects/../platform/pocket/build_id.mif
Info (23030): Evaluation of Tcl script ../platform/pocket/build_id_gen.tcl was successful
Info: Quartus Prime Shell was successful. 0 errors, 0 warnings
    Info: Peak virtual memory: 4770 megabytes
    Info: Processing ended: Fri Sep  4 12:34:58 2026
    Info: Elapsed time: 00:00:01
    Info: Total CPU time (on all processors): 00:00:01
Info: *******************************************************************
Info: Running Quartus Prime Analysis & Synthesis
    Info: Version 21.1.1 Build 850 06/23/2022 SJ Lite Edition
    Info: Processing started: Fri Sep  4 12:34:58 2026
Info: Command: quartus_map --read_settings_files=on --write_settings_files=off megadrive_pocket -c megadrive_pocket
Info (16303): Aggressive Area optimization mode selected -- logic area will be prioritized at the potential cost of reduced timing performance
Info (20030): Parallel compilation is enabled and will use 6 of the 6 processors detected
Info (12021): Found 1 design units, including 1 entities, in source file /users/profe/downloads/paprium project/paprium-pocket/platform/pocket/apf_top.v
    Info (12023): Found entity 1: apf_top File: C:/Users/Profe/Downloads/PAPRIUM project/paprium-pocket/platform/pocket/apf_top.v Line: 44
Info (12021): Found 4 design units, including 4 entities, in source file /users/profe/downloads/paprium project/paprium-pocket/platform/pocket/common.v
    Info (12023): Found entity 1: synch_2 File: C:/Users/Profe/Downloads/PAPRIUM project/paprium-pocket/platform/pocket/common.v Line: 39
    Info (12023): Found entity 2: synch_3 File: C:/Users/Profe/Downloads/PAPRIUM project/paprium-pocket/platform/pocket/common.v Line: 62
    Info (12023): Found entity 3: bram_block_dp File: C:/Users/Profe/Downloads/PAPRIUM project/paprium-pocket/platform/pocket/common.v Line: 82
    Info (12023): Found entity 4: bram_block_dp_nonstd File: C:/Users/Profe/Downloads/PAPRIUM project/paprium-pocket/platform/pocket/common.v Line: 120
Info (12021): Found 1 design units, including 1 entities, in source file /users/profe/downloads/paprium project/paprium-pocket/platform/pocket/io_bridge_peripheral.v
    Info (12023): Found entity 1: io_bridge_peripheral File: C:/Users/Profe/Downloads/PAPRIUM project/paprium-pocket/platform/pocket/io_bridge_peripheral.v Line: 52
Info (12021): Found 1 design units, including 1 entities, in source file /users/profe/downloads/paprium project/paprium-pocket/platform/pocket/io_pad_controller.v
    Info (12023): Found entity 1: io_pad_controller File: C:/Users/Profe/Downloads/PAPRIUM project/paprium-pocket/platform/pocket/io_pad_controller.v Line: 41
Info (12021): Found 1 design units, including 1 entities, in source file /users/profe/downloads/paprium project/paprium-pocket/platform/pocket/mf_ddio_bidir_12.v
    Info (12023): Found entity 1: mf_ddio_bidir_12 File: C:/Users/Profe/Downloads/PAPRIUM project/paprium-pocket/platform/pocket/mf_ddio_bidir_12.v Line: 40
Info (12021): Found 1 design units, including 1 entities, in source file /users/profe/downloads/paprium project/paprium-pocket/platform/pocket/mf_datatable.v
    Info (12023): Found entity 1: mf_datatable File: C:/Users/Profe/Downloads/PAPRIUM project/paprium-pocket/platform/pocket/mf_datatable.v Line: 40
Info (12021): Found 1 design units, including 1 entities, in source file /users/profe/downloads/paprium project/paprium-pocket/target/pocket/core_top.sv
    Info (12023): Found entity 1: core_top File: C:/Users/Profe/Downloads/PAPRIUM project/paprium-pocket/target/pocket/core_top.sv Line: 18
Info (12021): Found 2 design units, including 2 entities, in source file /users/profe/downloads/paprium project/paprium-pocket/target/pocket/video_cleaner.sv
    Info (12023): Found entity 1: video_cleaner File: C:/Users/Profe/Downloads/PAPRIUM project/paprium-pocket/target/pocket/video_cleaner.sv Line: 15
    Info (12023): Found entity 2: s_fix File: C:/Users/Profe/Downloads/PAPRIUM project/paprium-pocket/target/pocket/video_cleaner.sv Line: 84
Info (12021): Found 1 design units, including 1 entities, in source file /users/profe/downloads/paprium project/paprium-pocket/target/pocket/core_bridge_cmd.v
    Info (12023): Found entity 1: core_bridge_cmd File: C:/Users/Profe/Downloads/PAPRIUM project/paprium-pocket/target/pocket/core_bridge_cmd.v Line: 21
Info (12021): Found 1 design units, including 1 entities, in source file /users/profe/downloads/paprium project/paprium-pocket/target/pocket/data_loader.sv
    Info (12023): Found entity 1: data_loader File: C:/Users/Profe/Downloads/PAPRIUM project/paprium-pocket/target/pocket/data_loader.sv Line: 31
Info (12021): Found 1 design units, including 1 entities, in source file /users/profe/downloads/paprium project/paprium-pocket/target/pocket/data_unloader.sv
    Info (12023): Found entity 1: data_unloader File: C:/Users/Profe/Downloads/PAPRIUM project/paprium-pocket/target/pocket/data_unloader.sv Line: 31
Info (12021): Found 1 design units, including 1 entities, in source file /users/profe/downloads/paprium project/paprium-pocket/target/pocket/sound_i2s.sv
    Info (12023): Found entity 1: sound_i2s File: C:/Users/Profe/Downloads/PAPRIUM project/paprium-pocket/target/pocket/sound_i2s.sv Line: 30
Info (12021): Found 1 design units, including 1 entities, in source file /users/profe/downloads/paprium project/paprium-pocket/target/pocket/sync_fifo.sv
    Info (12023): Found entity 1: sync_fifo File: C:/Users/Profe/Downloads/PAPRIUM project/paprium-pocket/target/pocket/sync_fifo.sv Line: 29
Info (12021): Found 1 design units, including 1 entities, in source file /users/profe/downloads/paprium project/paprium-pocket/target/pocket/audio/audio_mixer.sv
    Info (12023): Found entity 1: audio_mixer File: C:/Users/Profe/Downloads/PAPRIUM project/paprium-pocket/target/pocket/audio/audio_mixer.sv Line: 35
Info (12021): Found 1 design units, including 1 entities, in source file /users/profe/downloads/paprium project/paprium-pocket/target/pocket/audio/filters/audio_filters.sv
    Info (12023): Found entity 1: audio_filters File: C:/Users/Profe/Downloads/PAPRIUM project/paprium-pocket/target/pocket/audio/filters/audio_filters.sv Line: 31
Info (12021): Found 1 design units, including 1 entities, in source file /users/profe/downloads/paprium project/paprium-pocket/target/pocket/audio/filters/audio_mix.sv
    Info (12023): Found entity 1: audio_mix File: C:/Users/Profe/Downloads/PAPRIUM project/paprium-pocket/target/pocket/audio/filters/audio_mix.sv Line: 31
Info (12021): Found 1 design units, including 1 entities, in source file /users/profe/downloads/paprium project/paprium-pocket/target/pocket/audio/filters/dc_blocker.sv
    Info (12023): Found entity 1: dc_blocker File: C:/Users/Profe/Downloads/PAPRIUM project/paprium-pocket/target/pocket/audio/filters/dc_blocker.sv Line: 38
Info (12021): Found 1 design units, including 1 entities, in source file /users/profe/downloads/paprium project/paprium-pocket/target/pocket/audio/filters/filter_loader.sv
    Info (12023): Found entity 1: filter_loader File: C:/Users/Profe/Downloads/PAPRIUM project/paprium-pocket/target/pocket/audio/filters/filter_loader.sv Line: 35
Info (12021): Found 1 design units, including 1 entities, in source file /users/profe/downloads/paprium project/paprium-pocket/target/pocket/audio/filters/filters_rom.sv
    Info (12023): Found entity 1: filters_rom File: C:/Users/Profe/Downloads/PAPRIUM project/paprium-pocket/target/pocket/audio/filters/filters_rom.sv Line: 35
Info (12021): Found 1 design units, including 1 entities, in source file /users/profe/downloads/paprium project/paprium-pocket/target/pocket/audio/filters/iir_filter_tap.sv
    Info (12023): Found entity 1: iir_filter_tap File: C:/Users/Profe/Downloads/PAPRIUM project/paprium-pocket/target/pocket/audio/filters/iir_filter_tap.sv Line: 43
Info (12021): Found 1 design units, including 1 entities, in source file /users/profe/downloads/paprium project/paprium-pocket/target/pocket/audio/filters/iir_filter.sv
    Info (12023): Found entity 1: iir_filter File: C:/Users/Profe/Downloads/PAPRIUM project/paprium-pocket/target/pocket/audio/filters/iir_filter.sv Line: 39
Info (12021): Found 1 design units, including 1 entities, in source file /users/profe/downloads/paprium project/paprium-pocket/target/pocket/mf_audio_pll.v
    Info (12023): Found entity 1: mf_audio_pll File: C:/Users/Profe/Downloads/PAPRIUM project/paprium-pocket/target/pocket/mf_audio_pll.v Line: 8
Info (12021): Found 1 design units, including 1 entities, in source file /users/profe/downloads/paprium project/paprium-pocket/target/pocket/mf_audio_pll/mf_audio_pll_0002.v
    Info (12023): Found entity 1: mf_audio_pll_0002 File: C:/Users/Profe/Downloads/PAPRIUM project/paprium-pocket/target/pocket/mf_audio_pll/mf_audio_pll_0002.v Line: 2
Info (12021): Found 1 design units, including 1 entities, in source file /users/profe/downloads/paprium project/paprium-pocket/target/pocket/mf_pllbase/mf_pllbase.v
    Info (12023): Found entity 1: mf_pllbase File: C:/Users/Profe/Downloads/PAPRIUM project/paprium-pocket/target/pocket/mf_pllbase/mf_pllbase.v Line: 2
Info (12021): Found 1 design units, including 1 entities, in source file /users/profe/downloads/paprium project/paprium-pocket/target/pocket/mf_pllbase_pal.v
    Info (12023): Found entity 1: mf_pllbase_pal File: C:/Users/Profe/Downloads/PAPRIUM project/paprium-pocket/target/pocket/mf_pllbase_pal.v Line: 6
Info (12021): Found 1 design units, including 1 entities, in source file /users/profe/downloads/paprium project/paprium-pocket/rtl/upstream/nuked-md/tmss.v
    Info (12023): Found entity 1: tmss File: C:/Users/Profe/Downloads/PAPRIUM project/paprium-pocket/rtl/upstream/nuked-md/tmss.v Line: 25
Info (12021): Found 1 design units, including 1 entities, in source file /users/profe/downloads/paprium project/paprium-pocket/rtl/upstream/nuked-md/vram.v
    Info (12023): Found entity 1: vram File: C:/Users/Profe/Downloads/PAPRIUM project/paprium-pocket/rtl/upstream/nuked-md/vram.v Line: 1
Info (12021): Found 23 design units, including 23 entities, in source file /users/profe/downloads/paprium project/paprium-pocket/rtl/upstream/nuked-md/ym_lib.v
    Info (12023): Found entity 1: ym_sr_bit File: C:/Users/Profe/Downloads/PAPRIUM project/paprium-pocket/rtl/upstream/nuked-md/ym_lib.v Line: 3
    Info (12023): Found entity 2: ym_sr_bit_array File: C:/Users/Profe/Downloads/PAPRIUM project/paprium-pocket/rtl/upstream/nuked-md/ym_lib.v Line: 85
    Info (12023): Found entity 3: ym_cnt_bit File: C:/Users/Profe/Downloads/PAPRIUM project/paprium-pocket/rtl/upstream/nuked-md/ym_lib.v Line: 114
    Info (12023): Found entity 4: ym_dlatch_1 File: C:/Users/Profe/Downloads/PAPRIUM project/paprium-pocket/rtl/upstream/nuked-md/ym_lib.v Line: 176
    Info (12023): Found entity 5: ym_dlatch_2 File: C:/Users/Profe/Downloads/PAPRIUM project/paprium-pocket/rtl/upstream/nuked-md/ym_lib.v Line: 223
    Info (12023): Found entity 6: ym_edge_detect File: C:/Users/Profe/Downloads/PAPRIUM project/paprium-pocket/rtl/upstream/nuked-md/ym_lib.v Line: 270
    Info (12023): Found entity 7: ym_slatch File: C:/Users/Profe/Downloads/PAPRIUM project/paprium-pocket/rtl/upstream/nuked-md/ym_lib.v Line: 309
    Info (12023): Found entity 8: ym_slatch_t File: C:/Users/Profe/Downloads/PAPRIUM project/paprium-pocket/rtl/upstream/nuked-md/ym_lib.v Line: 381
    Info (12023): Found entity 9: ym_rs_trig File: C:/Users/Profe/Downloads/PAPRIUM project/paprium-pocket/rtl/upstream/nuked-md/ym_lib.v Line: 426
    Info (12023): Found entity 10: ym_rs_trig_sync File: C:/Users/Profe/Downloads/PAPRIUM project/paprium-pocket/rtl/upstream/nuked-md/ym_lib.v Line: 457
    Info (12023): Found entity 11: ym_cnt_bit_load File: C:/Users/Profe/Downloads/PAPRIUM project/paprium-pocket/rtl/upstream/nuked-md/ym_lib.v Line: 490
    Info (12023): Found entity 12: ym_dbg_read File: C:/Users/Profe/Downloads/PAPRIUM project/paprium-pocket/rtl/upstream/nuked-md/ym_lib.v Line: 525
    Info (12023): Found entity 13: ym_dbg_read_eg File: C:/Users/Profe/Downloads/PAPRIUM project/paprium-pocket/rtl/upstream/nuked-md/ym_lib.v Line: 563
    Info (12023): Found entity 14: ym_slatch_r File: C:/Users/Profe/Downloads/PAPRIUM project/paprium-pocket/rtl/upstream/nuked-md/ym_lib.v Line: 601
    Info (12023): Found entity 15: ym_cnt_bit_rs File: C:/Users/Profe/Downloads/PAPRIUM project/paprium-pocket/rtl/upstream/nuked-md/ym_lib.v Line: 652
    Info (12023): Found entity 16: ym_cnt_bit_rev File: C:/Users/Profe/Downloads/PAPRIUM project/paprium-pocket/rtl/upstream/nuked-md/ym_lib.v Line: 687
    Info (12023): Found entity 17: ym_sr_bit_en File: C:/Users/Profe/Downloads/PAPRIUM project/paprium-pocket/rtl/upstream/nuked-md/ym_lib.v Line: 719
    Info (12023): Found entity 18: ym_scnt_bit File: C:/Users/Profe/Downloads/PAPRIUM project/paprium-pocket/rtl/upstream/nuked-md/ym_lib.v Line: 749
    Info (12023): Found entity 19: ym_sdff File: C:/Users/Profe/Downloads/PAPRIUM project/paprium-pocket/rtl/upstream/nuked-md/ym_lib.v Line: 790
    Info (12023): Found entity 20: ym_sdffs File: C:/Users/Profe/Downloads/PAPRIUM project/paprium-pocket/rtl/upstream/nuked-md/ym_lib.v Line: 815
    Info (12023): Found entity 21: ym_sdffr File: C:/Users/Profe/Downloads/PAPRIUM project/paprium-pocket/rtl/upstream/nuked-md/ym_lib.v Line: 845
    Info (12023): Found entity 22: ym_sdffsr File: C:/Users/Profe/Downloads/PAPRIUM project/paprium-pocket/rtl/upstream/nuked-md/ym_lib.v Line: 875
    Info (12023): Found entity 23: ym_delaychain File: C:/Users/Profe/Downloads/PAPRIUM project/paprium-pocket/rtl/upstream/nuked-md/ym_lib.v Line: 910
Info (12021): Found 1 design units, including 1 entities, in source file /users/profe/downloads/paprium project/paprium-pocket/rtl/upstream/nuked-md/ym3438_ch.v
    Info (12023): Found entity 1: ym3438_ch File: C:/Users/Profe/Downloads/PAPRIUM project/paprium-pocket/rtl/upstream/nuked-md/ym3438_ch.v Line: 1
Info (12021): Found 1 design units, including 1 entities, in source file /users/profe/downloads/paprium project/paprium-pocket/rtl/upstream/nuked-md/ym3438_detune.v
    Info (12023): Found entity 1: ym3438_detune File: C:/Users/Profe/Downloads/PAPRIUM project/paprium-pocket/rtl/upstream/nuked-md/ym3438_detune.v Line: 1
Info (12021): Found 1 design units, including 1 entities, in source file /users/profe/downloads/paprium project/paprium-pocket/rtl/upstream/nuked-md/ym3438_eg.v
    Info (12023): Found entity 1: ym3438_eg File: C:/Users/Profe/Downloads/PAPRIUM project/paprium-pocket/rtl/upstream/nuked-md/ym3438_eg.v Line: 1
Info (12021): Found 1 design units, including 1 entities, in source file /users/profe/downloads/paprium project/paprium-pocket/rtl/upstream/nuked-md/ym3438_fsm.v
    Info (12023): Found entity 1: ym3438_fsm File: C:/Users/Profe/Downloads/PAPRIUM project/paprium-pocket/rtl/upstream/nuked-md/ym3438_fsm.v Line: 1
Info (12021): Found 1 design units, including 1 entities, in source file /users/profe/downloads/paprium project/paprium-pocket/rtl/upstream/nuked-md/ym3438_io.v
    Info (12023): Found entity 1: ym3438_io File: C:/Users/Profe/Downloads/PAPRIUM project/paprium-pocket/rtl/upstream/nuked-md/ym3438_io.v Line: 1
Info (12021): Found 1 design units, including 1 entities, in source file /users/profe/downloads/paprium project/paprium-pocket/rtl/upstream/nuked-md/ym3438_lfo.v
    Info (12023): Found entity 1: ym3438_lfo File: C:/Users/Profe/Downloads/PAPRIUM project/paprium-pocket/rtl/upstream/nuked-md/ym3438_lfo.v Line: 1
Info (12021): Found 1 design units, including 1 entities, in source file /users/profe/downloads/paprium project/paprium-pocket/rtl/upstream/nuked-md/ym3438_op.v
    Info (12023): Found entity 1: ym3438_op File: C:/Users/Profe/Downloads/PAPRIUM project/paprium-pocket/rtl/upstream/nuked-md/ym3438_op.v Line: 1
Info (12021): Found 1 design units, including 1 entities, in source file /users/profe/downloads/paprium project/paprium-pocket/rtl/upstream/nuked-md/ym3438_pg.v
    Info (12023): Found entity 1: ym3438_pg File: C:/Users/Profe/Downloads/PAPRIUM project/paprium-pocket/rtl/upstream/nuked-md/ym3438_pg.v Line: 1
Info (12021): Found 1 design units, including 1 entities, in source file /users/profe/downloads/paprium project/paprium-pocket/rtl/upstream/nuked-md/ym3438_prescaler.v
    Info (12023): Found entity 1: ym3438_prescaler File: C:/Users/Profe/Downloads/PAPRIUM project/paprium-pocket/rtl/upstream/nuked-md/ym3438_prescaler.v Line: 1
Info (12021): Found 5 design units, including 5 entities, in source file /users/profe/downloads/paprium project/paprium-pocket/rtl/upstream/nuked-md/ym3438_regs.v
    Info (12023): Found entity 1: ym3438_reg_ctrl File: C:/Users/Profe/Downloads/PAPRIUM project/paprium-pocket/rtl/upstream/nuked-md/ym3438_regs.v Line: 1
    Info (12023): Found entity 2: ym3438_op_register File: C:/Users/Profe/Downloads/PAPRIUM project/paprium-pocket/rtl/upstream/nuked-md/ym3438_regs.v Line: 1138
    Info (12023): Found entity 3: ym3438_ch_register File: C:/Users/Profe/Downloads/PAPRIUM project/paprium-pocket/rtl/upstream/nuked-md/ym3438_regs.v Line: 1183
    Info (12023): Found entity 4: ym3438_reg_wr_ctrl File: C:/Users/Profe/Downloads/PAPRIUM project/paprium-pocket/rtl/upstream/nuked-md/ym3438_regs.v Line: 1266
    Info (12023): Found entity 5: ym3438_reg_data File: C:/Users/Profe/Downloads/PAPRIUM project/paprium-pocket/rtl/upstream/nuked-md/ym3438_regs.v Line: 1297
Info (12021): Found 1 design units, including 1 entities, in source file /users/profe/downloads/paprium project/paprium-pocket/rtl/upstream/nuked-md/ym3438.v
    Info (12023): Found entity 1: ym3438 File: C:/Users/Profe/Downloads/PAPRIUM project/paprium-pocket/rtl/upstream/nuked-md/ym3438.v Line: 26
Info (12021): Found 1 design units, including 1 entities, in source file /users/profe/downloads/paprium project/paprium-pocket/rtl/upstream/nuked-md/ym6045.v
    Info (12023): Found entity 1: ym6045 File: C:/Users/Profe/Downloads/PAPRIUM project/paprium-pocket/rtl/upstream/nuked-md/ym6045.v Line: 24
Info (12021): Found 2 design units, including 2 entities, in source file /users/profe/downloads/paprium project/paprium-pocket/rtl/upstream/nuked-md/ym6046.v
    Info (12023): Found entity 1: ym6046 File: C:/Users/Profe/Downloads/PAPRIUM project/paprium-pocket/rtl/upstream/nuked-md/ym6046.v Line: 25
    Info (12023): Found entity 2: ym6046_controller_port File: C:/Users/Profe/Downloads/PAPRIUM project/paprium-pocket/rtl/upstream/nuked-md/ym6046.v Line: 369
Info (12021): Found 3 design units, including 3 entities, in source file /users/profe/downloads/paprium project/paprium-pocket/rtl/upstream/nuked-md/ym7101.v
    Info (12023): Found entity 1: ym7101 File: C:/Users/Profe/Downloads/PAPRIUM project/paprium-pocket/rtl/upstream/nuked-md/ym7101.v Line: 29
    Info (12023): Found entity 2: ym7101_rs_trig File: C:/Users/Profe/Downloads/PAPRIUM project/paprium-pocket/rtl/upstream/nuked-md/ym7101.v Line: 7243
    Info (12023): Found entity 3: ym7101_dff File: C:/Users/Profe/Downloads/PAPRIUM project/paprium-pocket/rtl/upstream/nuked-md/ym7101.v Line: 7282
Info (12021): Found 4 design units, including 4 entities, in source file /users/profe/downloads/paprium project/paprium-pocket/rtl/upstream/nuked-md/z80.v
    Info (12023): Found entity 1: z80cpu File: C:/Users/Profe/Downloads/PAPRIUM project/paprium-pocket/rtl/upstream/nuked-md/z80.v Line: 28
    Info (12023): Found entity 2: z80_dlatch File: C:/Users/Profe/Downloads/PAPRIUM project/paprium-pocket/rtl/upstream/nuked-md/z80.v Line: 4029
    Info (12023): Found entity 3: z80_rs_trig_nor File: C:/Users/Profe/Downloads/PAPRIUM project/paprium-pocket/rtl/upstream/nuked-md/z80.v Line: 4045
    Info (12023): Found entity 4: z80_rs_trig_nand File: C:/Users/Profe/Downloads/PAPRIUM project/paprium-pocket/rtl/upstream/nuked-md/z80.v Line: 4069
Info (12021): Found 1 design units, including 1 entities, in source file /users/profe/downloads/paprium project/paprium-pocket/rtl/upstream/nuked-md/68k.v
    Info (12023): Found entity 1: m68kcpu File: C:/Users/Profe/Downloads/PAPRIUM project/paprium-pocket/rtl/upstream/nuked-md/68k.v Line: 26
Info (12021): Found 1 design units, including 1 entities, in source file /users/profe/downloads/paprium project/paprium-pocket/rtl/upstream/nuked-md/fc1004.v
    Info (12023): Found entity 1: fc1004 File: C:/Users/Profe/Downloads/PAPRIUM project/paprium-pocket/rtl/upstream/nuked-md/fc1004.v Line: 27
Info (12021): Found 1 design units, including 1 entities, in source file /users/profe/downloads/paprium project/paprium-pocket/rtl/upstream/nuked-md/md_board.v
    Info (12023): Found entity 1: md_board File: C:/Users/Profe/Downloads/PAPRIUM project/paprium-pocket/rtl/upstream/nuked-md/md_board.v Line: 28
Info (12021): Found 2 design units, including 1 entities, in source file /users/profe/downloads/paprium project/paprium-pocket/rtl/upstream/svp/mlab.vhd
    Info (12022): Found design unit 1: mlab-SYN File: C:/Users/Profe/Downloads/PAPRIUM project/paprium-pocket/rtl/upstream/SVP/mlab.vhd Line: 24
    Info (12023): Found entity 1: mlab File: C:/Users/Profe/Downloads/PAPRIUM project/paprium-pocket/rtl/upstream/SVP/mlab.vhd Line: 7
Info (12021): Found 2 design units, including 1 entities, in source file /users/profe/downloads/paprium project/paprium-pocket/rtl/upstream/svp/ssp160x.vhd
    Info (12022): Found design unit 1: SSP160x-rtl File: C:/Users/Profe/Downloads/PAPRIUM project/paprium-pocket/rtl/upstream/SVP/SSP160x.vhd Line: 38
    Info (12023): Found entity 1: SSP160x File: C:/Users/Profe/Downloads/PAPRIUM project/paprium-pocket/rtl/upstream/SVP/SSP160x.vhd Line: 11
Info (12021): Found 2 design units, including 0 entities, in source file /users/profe/downloads/paprium project/paprium-pocket/rtl/upstream/svp/ssp160x_pkg.vhd
    Info (12022): Found design unit 1: SSP160x_PKG File: C:/Users/Profe/Downloads/PAPRIUM project/paprium-pocket/rtl/upstream/SVP/SSP160x_PKG.vhd Line: 6
    Info (12022): Found design unit 2: SSP160x_PKG-body File: C:/Users/Profe/Downloads/PAPRIUM project/paprium-pocket/rtl/upstream/SVP/SSP160x_PKG.vhd Line: 78
Info (12021): Found 2 design units, including 1 entities, in source file /users/profe/downloads/paprium project/paprium-pocket/rtl/upstream/svp/svp.vhd
    Info (12022): Found design unit 1: SVP-rtl File: C:/Users/Profe/Downloads/PAPRIUM project/paprium-pocket/rtl/upstream/SVP/SVP.vhd Line: 36
    Info (12023): Found entity 1: SVP File: C:/Users/Profe/Downloads/PAPRIUM project/paprium-pocket/rtl/upstream/SVP/SVP.vhd Line: 9
Info (12021): Found 1 design units, including 1 entities, in source file /users/profe/downloads/paprium project/paprium-pocket/rtl/cartridge.sv
    Info (12023): Found entity 1: cartridge File: C:/Users/Profe/Downloads/PAPRIUM project/paprium-pocket/rtl/cartridge.sv Line: 26
Info (12021): Found 1 design units, including 1 entities, in source file /users/profe/downloads/paprium project/paprium-pocket/rtl/scanline_filler.sv
    Info (12023): Found entity 1: scanline_filler File: C:/Users/Profe/Downloads/PAPRIUM project/paprium-pocket/rtl/scanline_filler.sv Line: 4
Info (12021): Found 10 design units, including 5 entities, in source file /users/profe/downloads/paprium project/paprium-pocket/rtl/upstream/bram.vhd
    Info (12022): Found design unit 1: spram-SYN File: C:/Users/Profe/Downloads/PAPRIUM project/paprium-pocket/rtl/upstream/bram.vhd Line: 32
    Info (12022): Found design unit 2: spram_sz-SYN File: C:/Users/Profe/Downloads/PAPRIUM project/paprium-pocket/rtl/upstream/bram.vhd Line: 71
    Info (12022): Found design unit 3: dpram-SYN File: C:/Users/Profe/Downloads/PAPRIUM project/paprium-pocket/rtl/upstream/bram.vhd Line: 143
    Info (12022): Found design unit 4: dpram_dif-SYN File: C:/Users/Profe/Downloads/PAPRIUM project/paprium-pocket/rtl/upstream/bram.vhd Line: 189
    Info (12022): Found design unit 5: dpram_difclk-SYN File: C:/Users/Profe/Downloads/PAPRIUM project/paprium-pocket/rtl/upstream/bram.vhd Line: 287
    Info (12023): Found entity 1: spram File: C:/Users/Profe/Downloads/PAPRIUM project/paprium-pocket/rtl/upstream/bram.vhd Line: 11
    Info (12023): Found entity 2: spram_sz File: C:/Users/Profe/Downloads/PAPRIUM project/paprium-pocket/rtl/upstream/bram.vhd Line: 50
    Info (12023): Found entity 3: dpram File: C:/Users/Profe/Downloads/PAPRIUM project/paprium-pocket/rtl/upstream/bram.vhd Line: 114
    Info (12023): Found entity 4: dpram_dif File: C:/Users/Profe/Downloads/PAPRIUM project/paprium-pocket/rtl/upstream/bram.vhd Line: 158
    Info (12023): Found entity 5: dpram_difclk File: C:/Users/Profe/Downloads/PAPRIUM project/paprium-pocket/rtl/upstream/bram.vhd Line: 256
Info (12021): Found 1 design units, including 1 entities, in source file /users/profe/downloads/paprium project/paprium-pocket/rtl/upstream/ram_md.v
    Info (12023): Found entity 1: vram_ip File: C:/Users/Profe/Downloads/PAPRIUM project/paprium-pocket/rtl/upstream/ram_md.v Line: 2
Info (12021): Found 1 design units, including 1 entities, in source file /users/profe/downloads/paprium project/paprium-pocket/rtl/sdram.sv
    Info (12023): Found entity 1: sdram File: C:/Users/Profe/Downloads/PAPRIUM project/paprium-pocket/rtl/sdram.sv Line: 21
Info (12021): Found 1 design units, including 1 entities, in source file /users/profe/downloads/paprium project/paprium-pocket/rtl/upstream/eeprom_24cxx.sv
    Info (12023): Found entity 1: EPPROM_24CXX File: C:/Users/Profe/Downloads/PAPRIUM project/paprium-pocket/rtl/upstream/EEPROM_24CXX.sv Line: 1
Info (12021): Found 1 design units, including 1 entities, in source file /users/profe/downloads/paprium project/paprium-pocket/rtl/upstream/video_cond.sv
    Info (12023): Found entity 1: video_cond File: C:/Users/Profe/Downloads/PAPRIUM project/paprium-pocket/rtl/upstream/video_cond.sv Line: 20
Info (12021): Found 1 design units, including 1 entities, in source file /users/profe/downloads/paprium project/paprium-pocket/rtl/upstream/cofi.sv
    Info (12023): Found entity 1: cofi File: C:/Users/Profe/Downloads/PAPRIUM project/paprium-pocket/rtl/upstream/cofi.sv Line: 3
Info (12021): Found 1 design units, including 1 entities, in source file /users/profe/downloads/paprium project/paprium-pocket/rtl/upstream/pad_io.sv
    Info (12023): Found entity 1: pad_io File: C:/Users/Profe/Downloads/PAPRIUM project/paprium-pocket/rtl/upstream/pad_io.sv Line: 20
Info (12021): Found 1 design units, including 1 entities, in source file /users/profe/downloads/paprium project/paprium-pocket/rtl/upstream/audio_cond.sv
    Info (12023): Found entity 1: audio_cond File: C:/Users/Profe/Downloads/PAPRIUM project/paprium-pocket/rtl/upstream/audio_cond.sv Line: 20
Info (12021): Found 2 design units, including 2 entities, in source file /users/profe/downloads/paprium project/paprium-pocket/rtl/upstream/genesis_lpf.v
    Info (12023): Found entity 1: genesis_lpf File: C:/Users/Profe/Downloads/PAPRIUM project/paprium-pocket/rtl/upstream/genesis_lpf.v Line: 27
    Info (12023): Found entity 2: genesis_fm_lpf File: C:/Users/Profe/Downloads/PAPRIUM project/paprium-pocket/rtl/upstream/genesis_lpf.v Line: 84
Info (12021): Found 2 design units, including 2 entities, in source file /users/profe/downloads/paprium project/paprium-pocket/rtl/upstream/audio_iir_filter.v
    Info (12023): Found entity 1: iir_1st_order File: C:/Users/Profe/Downloads/PAPRIUM project/paprium-pocket/rtl/upstream/audio_iir_filter.v Line: 23
    Info (12023): Found entity 2: iir_2nd_order File: C:/Users/Profe/Downloads/PAPRIUM project/paprium-pocket/rtl/upstream/audio_iir_filter.v Line: 95
Info (12021): Found 2 design units, including 1 entities, in source file /users/profe/downloads/paprium project/paprium-pocket/rtl/upstream/cegen.vhd
    Info (12022): Found design unit 1: CEGen-SYN File: C:/Users/Profe/Downloads/PAPRIUM project/paprium-pocket/rtl/upstream/CEGen.vhd Line: 17
    Info (12023): Found entity 1: CEGen File: C:/Users/Profe/Downloads/PAPRIUM project/paprium-pocket/rtl/upstream/CEGen.vhd Line: 4
Info (12021): Found 0 design units, including 0 entities, in source file /users/profe/downloads/paprium project/paprium-pocket/rtl/paprium/paprium_defs.sv
Info (12021): Found 0 design units, including 0 entities, in source file /users/profe/downloads/paprium project/paprium-pocket/rtl/paprium/structs.sv
Info (12021): Found 3 design units, including 3 entities, in source file /users/profe/downloads/paprium project/paprium-pocket/rtl/paprium/memory.sv
    Info (12023): Found entity 1: ram_dp8 File: C:/Users/Profe/Downloads/PAPRIUM project/paprium-pocket/rtl/PAPRIUM/memory.sv Line: 3
    Info (12023): Found entity 2: ram_dp16 File: C:/Users/Profe/Downloads/PAPRIUM project/paprium-pocket/rtl/PAPRIUM/memory.sv Line: 51
    Info (12023): Found entity 3: paprium_wram File: C:/Users/Profe/Downloads/PAPRIUM project/paprium-pocket/rtl/PAPRIUM/memory.sv Line: 118
Info (12021): Found 2 design units, including 2 entities, in source file /users/profe/downloads/paprium project/paprium-pocket/rtl/paprium/audio_clock.sv
    Info (12023): Found entity 1: clk_dvp File: C:/Users/Profe/Downloads/PAPRIUM project/paprium-pocket/rtl/PAPRIUM/audio_clock.sv Line: 5
    Info (12023): Found entity 2: dac_clocker File: C:/Users/Profe/Downloads/PAPRIUM project/paprium-pocket/rtl/PAPRIUM/audio_clock.sv Line: 39
Info (12021): Found 7 design units, including 7 entities, in source file /users/profe/downloads/paprium project/paprium-pocket/rtl/paprium/audio_sfx.sv
    Info (12023): Found entity 1: audio_sfx File: C:/Users/Profe/Downloads/PAPRIUM project/paprium-pocket/rtl/PAPRIUM/audio_sfx.sv Line: 15
    Info (12023): Found entity 2: aclk_bank File: C:/Users/Profe/Downloads/PAPRIUM project/paprium-pocket/rtl/PAPRIUM/audio_sfx.sv Line: 92
    Info (12023): Found entity 3: sfx_bank File: C:/Users/Profe/Downloads/PAPRIUM project/paprium-pocket/rtl/PAPRIUM/audio_sfx.sv Line: 128
    Info (12023): Found entity 4: sfx_chan File: C:/Users/Profe/Downloads/PAPRIUM project/paprium-pocket/rtl/PAPRIUM/audio_sfx.sv Line: 149
    Info (12023): Found entity 5: mix_bank File: C:/Users/Profe/Downloads/PAPRIUM project/paprium-pocket/rtl/PAPRIUM/audio_sfx.sv Line: 245
    Info (12023): Found entity 6: mix_mono File: C:/Users/Profe/Downloads/PAPRIUM project/paprium-pocket/rtl/PAPRIUM/audio_sfx.sv Line: 361
    Info (12023): Found entity 7: sfx_fifo_ram File: C:/Users/Profe/Downloads/PAPRIUM project/paprium-pocket/rtl/PAPRIUM/audio_sfx.sv Line: 447
Info (12021): Found 3 design units, including 3 entities, in source file /users/profe/downloads/paprium project/paprium-pocket/rtl/paprium/mcu_core.sv
    Info (12023): Found entity 1: mcu_core File: C:/Users/Profe/Downloads/PAPRIUM project/paprium-pocket/rtl/PAPRIUM/mcu_core.sv Line: 3
    Info (12023): Found entity 2: mcu_wram File: C:/Users/Profe/Downloads/PAPRIUM project/paprium-pocket/rtl/PAPRIUM/mcu_core.sv Line: 163
    Info (12023): Found entity 3: mcu_irom File: C:/Users/Profe/Downloads/PAPRIUM project/paprium-pocket/rtl/PAPRIUM/mcu_core.sv Line: 266
Info (12021): Found 1 design units, including 1 entities, in source file /users/profe/downloads/paprium project/paprium-pocket/rtl/paprium/ramdp_io.sv
    Info (12023): Found entity 1: ramdp_io File: C:/Users/Profe/Downloads/PAPRIUM project/paprium-pocket/rtl/PAPRIUM/ramdp_io.sv Line: 3
Info (12021): Found 1 design units, including 1 entities, in source file /users/profe/downloads/paprium project/paprium-pocket/rtl/paprium/fpgio.sv
    Info (12023): Found entity 1: fpgio File: C:/Users/Profe/Downloads/PAPRIUM project/paprium-pocket/rtl/PAPRIUM/fpgio.sv Line: 3
Info (12021): Found 1 design units, including 1 entities, in source file /users/profe/downloads/paprium project/paprium-pocket/rtl/paprium/paprium_mcu_mem.sv
    Info (12023): Found entity 1: paprium_mcu_mem File: C:/Users/Profe/Downloads/PAPRIUM project/paprium-pocket/rtl/PAPRIUM/paprium_mcu_mem.sv Line: 1
Info (12021): Found 1 design units, including 1 entities, in source file /users/profe/downloads/paprium project/paprium-pocket/rtl/paprium/paprium_backup.sv
    Info (12023): Found entity 1: paprium_backup File: C:/Users/Profe/Downloads/PAPRIUM project/paprium-pocket/rtl/PAPRIUM/paprium_backup.sv Line: 21
Info (12021): Found 1 design units, including 1 entities, in source file /users/profe/downloads/paprium project/paprium-pocket/rtl/paprium/paprium_mdp_adapter.sv
    Info (12023): Found entity 1: paprium_mdp_adapter File: C:/Users/Profe/Downloads/PAPRIUM project/paprium-pocket/rtl/PAPRIUM/paprium_mdp_adapter.sv Line: 28
Info (12021): Found 1 design units, including 1 entities, in source file /users/profe/downloads/paprium project/paprium-pocket/rtl/paprium/paprium_cart.sv
    Info (12023): Found entity 1: paprium_cart File: C:/Users/Profe/Downloads/PAPRIUM project/paprium-pocket/rtl/PAPRIUM/paprium_cart.sv Line: 1
Info (12021): Found 1 design units, including 1 entities, in source file /users/profe/downloads/paprium project/paprium-pocket/rtl/paprium/paprium_cdda_play.sv
    Info (12023): Found entity 1: paprium_cdda_play File: C:/Users/Profe/Downloads/PAPRIUM project/paprium-pocket/rtl/PAPRIUM/paprium_cdda_play.sv Line: 27
Info (12021): Found 1 design units, including 1 entities, in source file /users/profe/downloads/paprium project/paprium-pocket/rtl/paprium/paprium_cdda_fetch.sv
    Info (12023): Found entity 1: paprium_cdda_fetch File: C:/Users/Profe/Downloads/PAPRIUM project/paprium-pocket/rtl/PAPRIUM/paprium_cdda_fetch.sv Line: 37
Info (12021): Found 1 design units, including 1 entities, in source file /users/profe/downloads/paprium project/paprium-pocket/rtl/paprium/paprium_cmd_log.sv
    Info (12023): Found entity 1: paprium_cmd_log File: C:/Users/Profe/Downloads/PAPRIUM project/paprium-pocket/rtl/PAPRIUM/paprium_cmd_log.sv Line: 55
Info (12021): Found 1 design units, including 1 entities, in source file /users/profe/downloads/paprium project/paprium-pocket/rtl/paprium/paprium_ima_decode.sv
    Info (12023): Found entity 1: paprium_ima_decode File: C:/Users/Profe/Downloads/PAPRIUM project/paprium-pocket/rtl/PAPRIUM/paprium_ima_decode.sv Line: 32
Info (12021): Found 1 design units, including 1 entities, in source file /users/profe/downloads/paprium project/paprium-pocket/rtl/paprium/paprium_cdda_buf.sv
    Info (12023): Found entity 1: paprium_cdda_buf File: C:/Users/Profe/Downloads/PAPRIUM project/paprium-pocket/rtl/PAPRIUM/paprium_cdda_buf.sv Line: 34
Info (12021): Found 2 design units, including 0 entities, in source file /users/profe/downloads/paprium project/paprium-pocket/rtl/paprium/risc-v/neorv32_package.vhd
    Info (12022): Found design unit 1: neorv32_package File: C:/Users/Profe/Downloads/PAPRIUM project/paprium-pocket/rtl/PAPRIUM/risc-v/neorv32_package.vhd Line: 39
    Info (12022): Found design unit 2: neorv32_package-body File: C:/Users/Profe/Downloads/PAPRIUM project/paprium-pocket/rtl/PAPRIUM/risc-v/neorv32_package.vhd Line: 1247
Info (12021): Found 2 design units, including 1 entities, in source file /users/profe/downloads/paprium project/paprium-pocket/rtl/paprium/risc-v/neorv32_top_stdlogic.vhd
    Info (12022): Found design unit 1: neorv32_top_stdlogic-neorv32_top_stdlogic_rtl File: C:/Users/Profe/Downloads/PAPRIUM project/paprium-pocket/rtl/PAPRIUM/risc-v/neorv32_top_stdlogic.vhd Line: 127
    Info (12023): Found entity 1: neorv32_top_stdlogic File: C:/Users/Profe/Downloads/PAPRIUM project/paprium-pocket/rtl/PAPRIUM/risc-v/neorv32_top_stdlogic.vhd Line: 42
Info (12021): Found 2 design units, including 1 entities, in source file /users/profe/downloads/paprium project/paprium-pocket/rtl/paprium/risc-v/neorv32_top.vhd
    Info (12022): Found design unit 1: neorv32_top-neorv32_top_rtl File: C:/Users/Profe/Downloads/PAPRIUM project/paprium-pocket/rtl/PAPRIUM/risc-v/neorv32_top.vhd Line: 133
    Info (12023): Found entity 1: neorv32_top File: C:/Users/Profe/Downloads/PAPRIUM project/paprium-pocket/rtl/PAPRIUM/risc-v/neorv32_top.vhd Line: 48
Info (12021): Found 2 design units, including 1 entities, in source file /users/profe/downloads/paprium project/paprium-pocket/rtl/paprium/risc-v/neorv32_busswitch.vhd
    Info (12022): Found design unit 1: neorv32_busswitch-neorv32_busswitch_rtl File: C:/Users/Profe/Downloads/PAPRIUM project/paprium-pocket/rtl/PAPRIUM/risc-v/neorv32_busswitch.vhd Line: 91
    Info (12023): Found entity 1: neorv32_busswitch File: C:/Users/Profe/Downloads/PAPRIUM project/paprium-pocket/rtl/PAPRIUM/risc-v/neorv32_busswitch.vhd Line: 45
Info (12021): Found 2 design units, including 1 entities, in source file /users/profe/downloads/paprium project/paprium-pocket/rtl/paprium/risc-v/neorv32_wishbone.vhd
    Info (12022): Found design unit 1: neorv32_wishbone-neorv32_wishbone_rtl File: C:/Users/Profe/Downloads/PAPRIUM project/paprium-pocket/rtl/PAPRIUM/risc-v/neorv32_wishbone.vhd Line: 99
    Info (12023): Found entity 1: neorv32_wishbone File: C:/Users/Profe/Downloads/PAPRIUM project/paprium-pocket/rtl/PAPRIUM/risc-v/neorv32_wishbone.vhd Line: 57
Info (12021): Found 2 design units, including 1 entities, in source file /users/profe/downloads/paprium project/paprium-pocket/rtl/paprium/risc-v/neorv32_sysinfo.vhd
    Info (12022): Found design unit 1: neorv32_sysinfo-neorv32_sysinfo_rtl File: C:/Users/Profe/Downloads/PAPRIUM project/paprium-pocket/rtl/PAPRIUM/risc-v/neorv32_sysinfo.vhd Line: 82
    Info (12023): Found entity 1: neorv32_sysinfo File: C:/Users/Profe/Downloads/PAPRIUM project/paprium-pocket/rtl/PAPRIUM/risc-v/neorv32_sysinfo.vhd Line: 45
Info (12021): Found 2 design units, including 1 entities, in source file /users/profe/downloads/paprium project/paprium-pocket/rtl/paprium/risc-v/neorv32_cpu.vhd
    Info (12022): Found design unit 1: neorv32_cpu-neorv32_cpu_rtl File: C:/Users/Profe/Downloads/PAPRIUM project/paprium-pocket/rtl/PAPRIUM/risc-v/neorv32_cpu.vhd Line: 117
    Info (12023): Found entity 1: neorv32_cpu File: C:/Users/Profe/Downloads/PAPRIUM project/paprium-pocket/rtl/PAPRIUM/risc-v/neorv32_cpu.vhd Line: 55
Info (12021): Found 2 design units, including 1 entities, in source file /users/profe/downloads/paprium project/paprium-pocket/rtl/paprium/risc-v/neorv32_cpu_control.vhd
    Info (12022): Found design unit 1: neorv32_cpu_control-neorv32_cpu_control_rtl File: C:/Users/Profe/Downloads/PAPRIUM project/paprium-pocket/rtl/PAPRIUM/risc-v/neorv32_cpu_control.vhd Line: 106
    Info (12023): Found entity 1: neorv32_cpu_control File: C:/Users/Profe/Downloads/PAPRIUM project/paprium-pocket/rtl/PAPRIUM/risc-v/neorv32_cpu_control.vhd Line: 47
Info (12021): Found 2 design units, including 1 entities, in source file /users/profe/downloads/paprium project/paprium-pocket/rtl/paprium/risc-v/neorv32_cpu_alu.vhd
    Info (12022): Found design unit 1: neorv32_cpu_alu-neorv32_cpu_cpu_rtl File: C:/Users/Profe/Downloads/PAPRIUM project/paprium-pocket/rtl/PAPRIUM/risc-v/neorv32_cpu_alu.vhd Line: 82
    Info (12023): Found entity 1: neorv32_cpu_alu File: C:/Users/Profe/Downloads/PAPRIUM project/paprium-pocket/rtl/PAPRIUM/risc-v/neorv32_cpu_alu.vhd Line: 44
Info (12021): Found 2 design units, including 1 entities, in source file /users/profe/downloads/paprium project/paprium-pocket/rtl/paprium/risc-v/neorv32_cpu_bus.vhd
    Info (12022): Found design unit 1: neorv32_cpu_bus-neorv32_cpu_bus_rtl File: C:/Users/Profe/Downloads/PAPRIUM project/paprium-pocket/rtl/PAPRIUM/risc-v/neorv32_cpu_bus.vhd Line: 105
    Info (12023): Found entity 1: neorv32_cpu_bus File: C:/Users/Profe/Downloads/PAPRIUM project/paprium-pocket/rtl/PAPRIUM/risc-v/neorv32_cpu_bus.vhd Line: 44
Info (12021): Found 2 design units, including 1 entities, in source file /users/profe/downloads/paprium project/paprium-pocket/rtl/paprium/risc-v/neorv32_cpu_regfile.vhd
    Info (12022): Found design unit 1: neorv32_cpu_regfile-neorv32_cpu_regfile_rtl File: C:/Users/Profe/Downloads/PAPRIUM project/paprium-pocket/rtl/PAPRIUM/risc-v/neorv32_cpu_regfile.vhd Line: 65
    Info (12023): Found entity 1: neorv32_cpu_regfile File: C:/Users/Profe/Downloads/PAPRIUM project/paprium-pocket/rtl/PAPRIUM/risc-v/neorv32_cpu_regfile.vhd Line: 47
Info (12021): Found 2 design units, including 1 entities, in source file /users/profe/downloads/paprium project/paprium-pocket/rtl/paprium/risc-v/neorv32_cpu_cp_muldiv.vhd
    Info (12022): Found design unit 1: neorv32_cpu_cp_muldiv-neorv32_cpu_cp_muldiv_rtl File: C:/Users/Profe/Downloads/PAPRIUM project/paprium-pocket/rtl/PAPRIUM/risc-v/neorv32_cpu_cp_muldiv.vhd Line: 66
    Info (12023): Found entity 1: neorv32_cpu_cp_muldiv File: C:/Users/Profe/Downloads/PAPRIUM project/paprium-pocket/rtl/PAPRIUM/risc-v/neorv32_cpu_cp_muldiv.vhd Line: 47
Info (12021): Found 2 design units, including 1 entities, in source file /users/profe/downloads/paprium project/paprium-pocket/rtl/paprium/risc-v/neorv32_cpu_decompressor.vhd
    Info (12022): Found design unit 1: neorv32_cpu_decompressor-neorv32_cpu_decompressor_rtl File: C:/Users/Profe/Downloads/PAPRIUM project/paprium-pocket/rtl/PAPRIUM/risc-v/neorv32_cpu_decompressor.vhd Line: 52
    Info (12023): Found entity 1: neorv32_cpu_decompressor File: C:/Users/Profe/Downloads/PAPRIUM project/paprium-pocket/rtl/PAPRIUM/risc-v/neorv32_cpu_decompressor.vhd Line: 42
Info (12021): Found 2 design units, including 1 entities, in source file /users/profe/downloads/paprium project/paprium-pocket/rtl/paprium/risc-v/neorv32_gpio.vhd
    Info (12022): Found design unit 1: neorv32_gpio-neorv32_gpio_rtl File: C:/Users/Profe/Downloads/PAPRIUM project/paprium-pocket/rtl/PAPRIUM/risc-v/neorv32_gpio.vhd Line: 62
    Info (12023): Found entity 1: neorv32_gpio File: C:/Users/Profe/Downloads/PAPRIUM project/paprium-pocket/rtl/PAPRIUM/risc-v/neorv32_gpio.vhd Line: 44
Info (12021): Found 2 design units, including 1 entities, in source file /users/profe/downloads/paprium project/paprium-pocket/rtl/paprium/risc-v/neorv32_mtime.vhd
    Info (12022): Found design unit 1: neorv32_mtime-neorv32_mtime_rtl File: C:/Users/Profe/Downloads/PAPRIUM project/paprium-pocket/rtl/PAPRIUM/risc-v/neorv32_mtime.vhd Line: 68
    Info (12023): Found entity 1: neorv32_mtime File: C:/Users/Profe/Downloads/PAPRIUM project/paprium-pocket/rtl/PAPRIUM/risc-v/neorv32_mtime.vhd Line: 50
Info (12021): Found 2 design units, including 1 entities, in source file /users/profe/downloads/paprium project/paprium-pocket/rtl/paprium/risc-v/neorv32_uart.vhd
    Info (12022): Found design unit 1: neorv32_uart-neorv32_uart_rtl File: C:/Users/Profe/Downloads/PAPRIUM project/paprium-pocket/rtl/PAPRIUM/risc-v/neorv32_uart.vhd Line: 76
    Info (12023): Found entity 1: neorv32_uart File: C:/Users/Profe/Downloads/PAPRIUM project/paprium-pocket/rtl/PAPRIUM/risc-v/neorv32_uart.vhd Line: 55
Info (12021): Found 2 design units, including 1 entities, in source file /users/profe/downloads/paprium project/paprium-pocket/rtl/paprium/risc-v/neorv32_wdt.vhd
    Info (12022): Found design unit 1: neorv32_wdt-neorv32_wdt_rtl File: C:/Users/Profe/Downloads/PAPRIUM project/paprium-pocket/rtl/PAPRIUM/risc-v/neorv32_wdt.vhd Line: 69
    Info (12023): Found entity 1: neorv32_wdt File: C:/Users/Profe/Downloads/PAPRIUM project/paprium-pocket/rtl/PAPRIUM/risc-v/neorv32_wdt.vhd Line: 49
Info (12021): Found 2 design units, including 1 entities, in source file /users/profe/downloads/paprium project/paprium-pocket/rtl/paprium/risc-v/neorv32_spi.vhd
    Info (12022): Found design unit 1: neorv32_spi-neorv32_spi_rtl File: C:/Users/Profe/Downloads/PAPRIUM project/paprium-pocket/rtl/PAPRIUM/risc-v/neorv32_spi.vhd Line: 69
    Info (12023): Found entity 1: neorv32_spi File: C:/Users/Profe/Downloads/PAPRIUM project/paprium-pocket/rtl/PAPRIUM/risc-v/neorv32_spi.vhd Line: 46
Info (12021): Found 2 design units, including 1 entities, in source file /users/profe/downloads/paprium project/paprium-pocket/rtl/paprium/risc-v/neorv32_twi.vhd
    Info (12022): Found design unit 1: neorv32_twi-neorv32_twi_rtl File: C:/Users/Profe/Downloads/PAPRIUM project/paprium-pocket/rtl/PAPRIUM/risc-v/neorv32_twi.vhd Line: 67
    Info (12023): Found entity 1: neorv32_twi File: C:/Users/Profe/Downloads/PAPRIUM project/paprium-pocket/rtl/PAPRIUM/risc-v/neorv32_twi.vhd Line: 46
Info (12021): Found 2 design units, including 1 entities, in source file /users/profe/downloads/paprium project/paprium-pocket/rtl/paprium/risc-v/neorv32_pwm.vhd
    Info (12022): Found design unit 1: neorv32_pwm-neorv32_pwm_rtl File: C:/Users/Profe/Downloads/PAPRIUM project/paprium-pocket/rtl/PAPRIUM/risc-v/neorv32_pwm.vhd Line: 63
    Info (12023): Found entity 1: neorv32_pwm File: C:/Users/Profe/Downloads/PAPRIUM project/paprium-pocket/rtl/PAPRIUM/risc-v/neorv32_pwm.vhd Line: 45
Info (12021): Found 4 design units, including 2 entities, in source file /users/profe/downloads/paprium project/paprium-pocket/rtl/paprium/risc-v/neorv32_trng.vhd
    Info (12022): Found design unit 1: neorv32_trng-neorv32_trng_rtl File: C:/Users/Profe/Downloads/PAPRIUM project/paprium-pocket/rtl/PAPRIUM/risc-v/neorv32_trng.vhd Line: 63
    Info (12022): Found design unit 2: neorv32_trng_garo_element-neorv32_trng_garo_element_rtl File: C:/Users/Profe/Downloads/PAPRIUM project/paprium-pocket/rtl/PAPRIUM/risc-v/neorv32_trng.vhd Line: 365
    Info (12023): Found entity 1: neorv32_trng File: C:/Users/Profe/Downloads/PAPRIUM project/paprium-pocket/rtl/PAPRIUM/risc-v/neorv32_trng.vhd Line: 50
    Info (12023): Found entity 2: neorv32_trng_garo_element File: C:/Users/Profe/Downloads/PAPRIUM project/paprium-pocket/rtl/PAPRIUM/risc-v/neorv32_trng.vhd Line: 350
Info (12021): Found 2 design units, including 1 entities, in source file /users/profe/downloads/paprium project/paprium-pocket/rtl/paprium/risc-v/neorv32_cfu0.vhd
    Info (12022): Found design unit 1: neorv32_cfu0-neorv32_cfu0_rtl File: C:/Users/Profe/Downloads/PAPRIUM project/paprium-pocket/rtl/PAPRIUM/risc-v/neorv32_cfu0.vhd Line: 63
    Info (12023): Found entity 1: neorv32_cfu0 File: C:/Users/Profe/Downloads/PAPRIUM project/paprium-pocket/rtl/PAPRIUM/risc-v/neorv32_cfu0.vhd Line: 44
Info (12021): Found 2 design units, including 1 entities, in source file /users/profe/downloads/paprium project/paprium-pocket/rtl/paprium/risc-v/neorv32_cfu1.vhd
    Info (12022): Found design unit 1: neorv32_cfu1-neorv32_cfu1_rtl File: C:/Users/Profe/Downloads/PAPRIUM project/paprium-pocket/rtl/PAPRIUM/risc-v/neorv32_cfu1.vhd Line: 63
    Info (12023): Found entity 1: neorv32_cfu1 File: C:/Users/Profe/Downloads/PAPRIUM project/paprium-pocket/rtl/PAPRIUM/risc-v/neorv32_cfu1.vhd Line: 44
Info (12021): Found 2 design units, including 1 entities, in source file /users/profe/downloads/paprium project/paprium-pocket/rtl/paprium/risc-v/neorv32_imem.vhd
    Info (12022): Found design unit 1: neorv32_imem-neorv32_imem_rtl File: C:/Users/Profe/Downloads/PAPRIUM project/paprium-pocket/rtl/PAPRIUM/risc-v/neorv32_imem.vhd Line: 67
    Info (12023): Found entity 1: neorv32_imem File: C:/Users/Profe/Downloads/PAPRIUM project/paprium-pocket/rtl/PAPRIUM/risc-v/neorv32_imem.vhd Line: 48
Info (12021): Found 2 design units, including 1 entities, in source file /users/profe/downloads/paprium project/paprium-pocket/rtl/paprium/risc-v/neorv32_dmem.vhd
    Info (12022): Found design unit 1: neorv32_dmem-neorv32_dmem_rtl File: C:/Users/Profe/Downloads/PAPRIUM project/paprium-pocket/rtl/PAPRIUM/risc-v/neorv32_dmem.vhd Line: 59
    Info (12023): Found entity 1: neorv32_dmem File: C:/Users/Profe/Downloads/PAPRIUM project/paprium-pocket/rtl/PAPRIUM/risc-v/neorv32_dmem.vhd Line: 42
Info (12021): Found 2 design units, including 1 entities, in source file /users/profe/downloads/paprium project/paprium-pocket/rtl/paprium/risc-v/neorv32_boot_rom.vhd
    Info (12022): Found design unit 1: neorv32_boot_rom-neorv32_boot_rom_rtl File: C:/Users/Profe/Downloads/PAPRIUM project/paprium-pocket/rtl/PAPRIUM/risc-v/neorv32_boot_rom.vhd Line: 57
    Info (12023): Found entity 1: neorv32_boot_rom File: C:/Users/Profe/Downloads/PAPRIUM project/paprium-pocket/rtl/PAPRIUM/risc-v/neorv32_boot_rom.vhd Line: 43
Info (12021): Found 1 design units, including 0 entities, in source file /users/profe/downloads/paprium project/paprium-pocket/rtl/paprium/risc-v/neorv32_bootloader_image.vhd
    Info (12022): Found design unit 1: neorv32_bootloader_image File: C:/Users/Profe/Downloads/PAPRIUM project/paprium-pocket/rtl/PAPRIUM/risc-v/neorv32_bootloader_image.vhd Line: 7
Info (12021): Found 1 design units, including 0 entities, in source file /users/profe/downloads/paprium project/paprium-pocket/rtl/paprium/risc-v/neorv32_application_image.vhd
    Info (12022): Found design unit 1: neorv32_application_image File: C:/Users/Profe/Downloads/PAPRIUM project/paprium-pocket/rtl/PAPRIUM/risc-v/neorv32_application_image.vhd Line: 7
Info (12127): Elaborating entity "apf_top" for the top level hierarchy
Info (12128): Elaborating entity "mf_ddio_bidir_12" for hierarchy "mf_ddio_bidir_12:isco" File: C:/Users/Profe/Downloads/PAPRIUM project/paprium-pocket/platform/pocket/apf_top.v Line: 253
Info (12128): Elaborating entity "altddio_bidir" for hierarchy "mf_ddio_bidir_12:isco|altddio_bidir:ALTDDIO_BIDIR_component" File: C:/Users/Profe/Downloads/PAPRIUM project/paprium-pocket/platform/pocket/mf_ddio_bidir_12.v Line: 81
Info (12130): Elaborated megafunction instantiation "mf_ddio_bidir_12:isco|altddio_bidir:ALTDDIO_BIDIR_component" File: C:/Users/Profe/Downloads/PAPRIUM project/paprium-pocket/platform/pocket/mf_ddio_bidir_12.v Line: 81
Info (12133): Instantiated megafunction "mf_ddio_bidir_12:isco|altddio_bidir:ALTDDIO_BIDIR_component" with the following parameter: File: C:/Users/Profe/Downloads/PAPRIUM project/paprium-pocket/platform/pocket/mf_ddio_bidir_12.v Line: 81
    Info (12134): Parameter "extend_oe_disable" = "OFF"
    Info (12134): Parameter "implement_input_in_lcell" = "OFF"
    Info (12134): Parameter "intended_device_family" = "Cyclone V"
    Info (12134): Parameter "invert_output" = "OFF"
    Info (12134): Parameter "lpm_hint" = "UNUSED"
    Info (12134): Parameter "lpm_type" = "altddio_bidir"
    Info (12134): Parameter "oe_reg" = "UNREGISTERED"
    Info (12134): Parameter "power_up_high" = "OFF"
    Info (12134): Parameter "width" = "12"
Info (12021): Found 1 design units, including 1 entities, in source file db/ddio_bidir_euo.tdf
    Info (12023): Found entity 1: ddio_bidir_euo File: C:/Users/Profe/Downloads/PAPRIUM project/paprium-pocket/projects/db/ddio_bidir_euo.tdf Line: 33
Info (12128): Elaborating entity "ddio_bidir_euo" for hierarchy "mf_ddio_bidir_12:isco|altddio_bidir:ALTDDIO_BIDIR_component|ddio_bidir_euo:auto_generated" File: c:/intelfpga_lite/21.1/quartus/libraries/megafunctions/altddio_bidir.tdf Line: 116
Info (12128): Elaborating entity "io_pad_controller" for hierarchy "io_pad_controller:ipm" File: C:/Users/Profe/Downloads/PAPRIUM project/paprium-pocket/platform/pocket/apf_top.v Line: 314
Info (12128): Elaborating entity "synch_3" for hierarchy "io_pad_controller:ipm|synch_3:s00" File: C:/Users/Profe/Downloads/PAPRIUM project/paprium-pocket/platform/pocket/io_pad_controller.v Line: 65
Info (12128): Elaborating entity "io_bridge_peripheral" for hierarchy "io_bridge_peripheral:ibs" File: C:/Users/Profe/Downloads/PAPRIUM project/paprium-pocket/platform/pocket/apf_top.v Line: 343
Info (12128): Elaborating entity "core_top" for hierarchy "core_top:ic" File: C:/Users/Profe/Downloads/PAPRIUM project/paprium-pocket/platform/pocket/apf_top.v Line: 472
Warning (10762): Verilog HDL Case Statement warning at core_top.sv(575): can't check case statement for completeness because the case expression has too many possible states File: C:/Users/Profe/Downloads/PAPRIUM project/paprium-pocket/target/pocket/core_top.sv Line: 575
Warning (10762): Verilog HDL Case Statement warning at core_top.sv(660): can't check case statement for completeness because the case expression has too many possible states File: C:/Users/Profe/Downloads/PAPRIUM project/paprium-pocket/target/pocket/core_top.sv Line: 660
Warning (10230): Verilog HDL assignment warning at core_top.sv(1830): truncated value with size 26 to match size of target (18) File: C:/Users/Profe/Downloads/PAPRIUM project/paprium-pocket/target/pocket/core_top.sv Line: 1830
Warning (10230): Verilog HDL assignment warning at core_top.sv(1831): truncated value with size 26 to match size of target (18) File: C:/Users/Profe/Downloads/PAPRIUM project/paprium-pocket/target/pocket/core_top.sv Line: 1831
Info (12128): Elaborating entity "mf_pllbase" for hierarchy "core_top:ic|mf_pllbase:mp1" File: C:/Users/Profe/Downloads/PAPRIUM project/paprium-pocket/target/pocket/core_top.sv Line: 389
Info (12128): Elaborating entity "altera_pll" for hierarchy "core_top:ic|mf_pllbase:mp1|altera_pll:altera_pll_i" File: C:/Users/Profe/Downloads/PAPRIUM project/paprium-pocket/target/pocket/mf_pllbase/mf_pllbase.v Line: 100
Info (10008): Verilog HDL or VHDL information: EDA Netlist Writer cannot regroup multidimensional array "wire_to_nowhere_64" into its bus
Info (12130): Elaborated megafunction instantiation "core_top:ic|mf_pllbase:mp1|altera_pll:altera_pll_i" File: C:/Users/Profe/Downloads/PAPRIUM project/paprium-pocket/target/pocket/mf_pllbase/mf_pllbase.v Line: 100
Info (12133): Instantiated megafunction "core_top:ic|mf_pllbase:mp1|altera_pll:altera_pll_i" with the following parameter: File: C:/Users/Profe/Downloads/PAPRIUM project/paprium-pocket/target/pocket/mf_pllbase/mf_pllbase.v Line: 100
    Info (12134): Parameter "fractional_vco_multiplier" = "true"
    Info (12134): Parameter "reference_clock_frequency" = "74.25 MHz"
    Info (12134): Parameter "operation_mode" = "normal"
    Info (12134): Parameter "number_of_clocks" = "6"
    Info (12134): Parameter "output_clock_frequency0" = "53.693170 MHz"
    Info (12134): Parameter "phase_shift0" = "0 ps"
    Info (12134): Parameter "duty_cycle0" = "50"
    Info (12134): Parameter "output_clock_frequency1" = "107.386336 MHz"
    Info (12134): Parameter "phase_shift1" = "0 ps"
    Info (12134): Parameter "duty_cycle1" = "50"
    Info (12134): Parameter "output_clock_frequency2" = "6.711646 MHz"
    Info (12134): Parameter "phase_shift2" = "0 ps"
    Info (12134): Parameter "duty_cycle2" = "50"
    Info (12134): Parameter "output_clock_frequency3" = "6.711646 MHz"
    Info (12134): Parameter "phase_shift3" = "37249 ps"
    Info (12134): Parameter "duty_cycle3" = "50"
    Info (12134): Parameter "output_clock_frequency4" = "5.369317 MHz"
    Info (12134): Parameter "phase_shift4" = "0 ps"
    Info (12134): Parameter "duty_cycle4" = "50"
    Info (12134): Parameter "output_clock_frequency5" = "5.369317 MHz"
    Info (12134): Parameter "phase_shift5" = "46561 ps"
    Info (12134): Parameter "duty_cycle5" = "50"
    Info (12134): Parameter "output_clock_frequency6" = "0 MHz"
    Info (12134): Parameter "phase_shift6" = "0 ps"
    Info (12134): Parameter "duty_cycle6" = "50"
    Info (12134): Parameter "output_clock_frequency7" = "0 MHz"
    Info (12134): Parameter "phase_shift7" = "0 ps"
    Info (12134): Parameter "duty_cycle7" = "50"
    Info (12134): Parameter "output_clock_frequency8" = "0 MHz"
    Info (12134): Parameter "phase_shift8" = "0 ps"
    Info (12134): Parameter "duty_cycle8" = "50"
    Info (12134): Parameter "output_clock_frequency9" = "0 MHz"
    Info (12134): Parameter "phase_shift9" = "0 ps"
    Info (12134): Parameter "duty_cycle9" = "50"
    Info (12134): Parameter "output_clock_frequency10" = "0 MHz"
    Info (12134): Parameter "phase_shift10" = "0 ps"
    Info (12134): Parameter "duty_cycle10" = "50"
    Info (12134): Parameter "output_clock_frequency11" = "0 MHz"
    Info (12134): Parameter "phase_shift11" = "0 ps"
    Info (12134): Parameter "duty_cycle11" = "50"
    Info (12134): Parameter "output_clock_frequency12" = "0 MHz"
    Info (12134): Parameter "phase_shift12" = "0 ps"
    Info (12134): Parameter "duty_cycle12" = "50"
    Info (12134): Parameter "output_clock_frequency13" = "0 MHz"
    Info (12134): Parameter "phase_shift13" = "0 ps"
    Info (12134): Parameter "duty_cycle13" = "50"
    Info (12134): Parameter "output_clock_frequency14" = "0 MHz"
    Info (12134): Parameter "phase_shift14" = "0 ps"
    Info (12134): Parameter "duty_cycle14" = "50"
    Info (12134): Parameter "output_clock_frequency15" = "0 MHz"
    Info (12134): Parameter "phase_shift15" = "0 ps"
    Info (12134): Parameter "duty_cycle15" = "50"
    Info (12134): Parameter "output_clock_frequency16" = "0 MHz"
    Info (12134): Parameter "phase_shift16" = "0 ps"
    Info (12134): Parameter "duty_cycle16" = "50"
    Info (12134): Parameter "output_clock_frequency17" = "0 MHz"
    Info (12134): Parameter "phase_shift17" = "0 ps"
    Info (12134): Parameter "duty_cycle17" = "50"
    Info (12134): Parameter "pll_type" = "General"
    Info (12134): Parameter "pll_subtype" = "General"
Info (12128): Elaborating entity "core_bridge_cmd" for hierarchy "core_top:ic|core_bridge_cmd:icb" File: C:/Users/Profe/Downloads/PAPRIUM project/paprium-pocket/target/pocket/core_top.sv Line: 565
Warning (10036): Verilog HDL or VHDL warning at core_bridge_cmd.v(142): object "host_2C" assigned a value but never read File: C:/Users/Profe/Downloads/PAPRIUM project/paprium-pocket/target/pocket/core_bridge_cmd.v Line: 142
Warning (10858): Verilog HDL warning at core_bridge_cmd.v(147): object host_4C used but never assigned File: C:/Users/Profe/Downloads/PAPRIUM project/paprium-pocket/target/pocket/core_bridge_cmd.v Line: 147
Warning (10036): Verilog HDL or VHDL warning at core_bridge_cmd.v(173): object "target_40" assigned a value but never read File: C:/Users/Profe/Downloads/PAPRIUM project/paprium-pocket/target/pocket/core_bridge_cmd.v Line: 173
Warning (10036): Verilog HDL or VHDL warning at core_bridge_cmd.v(174): object "target_44" assigned a value but never read File: C:/Users/Profe/Downloads/PAPRIUM project/paprium-pocket/target/pocket/core_bridge_cmd.v Line: 174
Warning (10036): Verilog HDL or VHDL warning at core_bridge_cmd.v(175): object "target_48" assigned a value but never read File: C:/Users/Profe/Downloads/PAPRIUM project/paprium-pocket/target/pocket/core_bridge_cmd.v Line: 175
Warning (10036): Verilog HDL or VHDL warning at core_bridge_cmd.v(176): object "target_4C" assigned a value but never read File: C:/Users/Profe/Downloads/PAPRIUM project/paprium-pocket/target/pocket/core_bridge_cmd.v Line: 176
Warning (10230): Verilog HDL assignment warning at core_bridge_cmd.v(241): truncated value with size 32 to match size of target (10) File: C:/Users/Profe/Downloads/PAPRIUM project/paprium-pocket/target/pocket/core_bridge_cmd.v Line: 241
Warning (10762): Verilog HDL Case Statement warning at core_bridge_cmd.v(244): can't check case statement for completeness because the case expression has too many possible states File: C:/Users/Profe/Downloads/PAPRIUM project/paprium-pocket/target/pocket/core_bridge_cmd.v Line: 244
Warning (10762): Verilog HDL Case Statement warning at core_bridge_cmd.v(279): can't check case statement for completeness because the case expression has too many possible states File: C:/Users/Profe/Downloads/PAPRIUM project/paprium-pocket/target/pocket/core_bridge_cmd.v Line: 279
Warning (10030): Net "host_4C" at core_bridge_cmd.v(147) has no driver or initial value, using a default initial value '0' File: C:/Users/Profe/Downloads/PAPRIUM project/paprium-pocket/target/pocket/core_bridge_cmd.v Line: 147
Info (12128): Elaborating entity "mf_datatable" for hierarchy "core_top:ic|core_bridge_cmd:icb|mf_datatable:idt" File: C:/Users/Profe/Downloads/PAPRIUM project/paprium-pocket/target/pocket/core_bridge_cmd.v Line: 579
Info (12128): Elaborating entity "altsyncram" for hierarchy "core_top:ic|core_bridge_cmd:icb|mf_datatable:idt|altsyncram:altsyncram_component" File: C:/Users/Profe/Downloads/PAPRIUM project/paprium-pocket/platform/pocket/mf_datatable.v Line: 100
Info (12130): Elaborated megafunction instantiation "core_top:ic|core_bridge_cmd:icb|mf_datatable:idt|altsyncram:altsyncram_component" File: C:/Users/Profe/Downloads/PAPRIUM project/paprium-pocket/platform/pocket/mf_datatable.v Line: 100
Info (12133): Instantiated megafunction "core_top:ic|core_bridge_cmd:icb|mf_datatable:idt|altsyncram:altsyncram_component" with the following parameter: File: C:/Users/Profe/Downloads/PAPRIUM project/paprium-pocket/platform/pocket/mf_datatable.v Line: 100
    Info (12134): Parameter "address_reg_b" = "CLOCK1"
    Info (12134): Parameter "clock_enable_input_a" = "BYPASS"
    Info (12134): Parameter "clock_enable_input_b" = "BYPASS"
    Info (12134): Parameter "clock_enable_output_a" = "BYPASS"
    Info (12134): Parameter "clock_enable_output_b" = "BYPASS"
    Info (12134): Parameter "indata_reg_b" = "CLOCK1"
    Info (12134): Parameter "init_file" = "./build_id.mif"
    Info (12134): Parameter "intended_device_family" = "Cyclone V"
    Info (12134): Parameter "lpm_type" = "altsyncram"
    Info (12134): Parameter "numwords_a" = "256"
    Info (12134): Parameter "numwords_b" = "256"
    Info (12134): Parameter "operation_mode" = "BIDIR_DUAL_PORT"
    Info (12134): Parameter "outdata_aclr_a" = "NONE"
    Info (12134): Parameter "outdata_aclr_b" = "NONE"
    Info (12134): Parameter "outdata_reg_a" = "CLOCK0"
    Info (12134): Parameter "outdata_reg_b" = "CLOCK1"
    Info (12134): Parameter "power_up_uninitialized" = "FALSE"
    Info (12134): Parameter "read_during_write_mode_port_a" = "NEW_DATA_NO_NBE_READ"
    Info (12134): Parameter "read_during_write_mode_port_b" = "NEW_DATA_NO_NBE_READ"
    Info (12134): Parameter "widthad_a" = "8"
    Info (12134): Parameter "widthad_b" = "8"
    Info (12134): Parameter "width_a" = "32"
    Info (12134): Parameter "width_b" = "32"
    Info (12134): Parameter "width_byteena_a" = "1"
    Info (12134): Parameter "width_byteena_b" = "1"
    Info (12134): Parameter "wrcontrol_wraddress_reg_b" = "CLOCK1"
Info (12021): Found 1 design units, including 1 entities, in source file db/altsyncram_fik2.tdf
    Info (12023): Found entity 1: altsyncram_fik2 File: C:/Users/Profe/Downloads/PAPRIUM project/paprium-pocket/projects/db/altsyncram_fik2.tdf Line: 28
Info (12128): Elaborating entity "altsyncram_fik2" for hierarchy "core_top:ic|core_bridge_cmd:icb|mf_datatable:idt|altsyncram:altsyncram_component|altsyncram_fik2:auto_generated" File: c:/intelfpga_lite/21.1/quartus/libraries/megafunctions/altsyncram.tdf Line: 792
Warning (113028): 253 out of 256 addresses are uninitialized. The Quartus Prime software will initialize them to "0". There are 2 warnings found, and 2 warnings are reported. File: C:/Users/Profe/Downloads/PAPRIUM project/paprium-pocket/platform/pocket/build_id.mif Line: 1
    Warning (113027): Addresses ranging from 0 to 223 are not initialized File: C:/Users/Profe/Downloads/PAPRIUM project/paprium-pocket/platform/pocket/build_id.mif Line: 1
    Warning (113027): Addresses ranging from 227 to 255 are not initialized File: C:/Users/Profe/Downloads/PAPRIUM project/paprium-pocket/platform/pocket/build_id.mif Line: 1
Info (12128): Elaborating entity "synch_3" for hierarchy "core_top:ic|synch_3:settings_sync" File: C:/Users/Profe/Downloads/PAPRIUM project/paprium-pocket/target/pocket/core_top.sv Line: 698
Warning (10230): Verilog HDL assignment warning at common.v(74): truncated value with size 5 to match size of target (1) File: C:/Users/Profe/Downloads/PAPRIUM project/paprium-pocket/platform/pocket/common.v Line: 74
Warning (10230): Verilog HDL assignment warning at common.v(75): truncated value with size 5 to match size of target (1) File: C:/Users/Profe/Downloads/PAPRIUM project/paprium-pocket/platform/pocket/common.v Line: 75
Info (12128): Elaborating entity "data_loader" for hierarchy "core_top:ic|data_loader:rom_data_loader" File: C:/Users/Profe/Downloads/PAPRIUM project/paprium-pocket/target/pocket/core_top.sv Line: 814
Warning (10230): Verilog HDL assignment warning at data_loader.sv(143): truncated value with size 32 to match size of target (28) File: C:/Users/Profe/Downloads/PAPRIUM project/paprium-pocket/target/pocket/data_loader.sv Line: 143
Warning (10230): Verilog HDL assignment warning at data_loader.sv(145): truncated value with size 32 to match size of target (3) File: C:/Users/Profe/Downloads/PAPRIUM project/paprium-pocket/target/pocket/data_loader.sv Line: 145
Info (10264): Verilog HDL Case Statement information at data_loader.sv(132): all case item expressions in this case statement are onehot File: C:/Users/Profe/Downloads/PAPRIUM project/paprium-pocket/target/pocket/data_loader.sv Line: 132
Warning (10230): Verilog HDL assignment warning at data_loader.sv(172): truncated value with size 32 to match size of target (6) File: C:/Users/Profe/Downloads/PAPRIUM project/paprium-pocket/target/pocket/data_loader.sv Line: 172
Warning (10230): Verilog HDL assignment warning at data_loader.sv(175): truncated value with size 32 to match size of target (6) File: C:/Users/Profe/Downloads/PAPRIUM project/paprium-pocket/target/pocket/data_loader.sv Line: 175
Warning (10230): Verilog HDL assignment warning at data_loader.sv(189): truncated value with size 28 to match size of target (25) File: C:/Users/Profe/Downloads/PAPRIUM project/paprium-pocket/target/pocket/data_loader.sv Line: 189
Info (12128): Elaborating entity "dcfifo" for hierarchy "core_top:ic|data_loader:rom_data_loader|dcfifo:dcfifo_component" File: C:/Users/Profe/Downloads/PAPRIUM project/paprium-pocket/target/pocket/data_loader.sv Line: 96
Info (12130): Elaborated megafunction instantiation "core_top:ic|data_loader:rom_data_loader|dcfifo:dcfifo_component" File: C:/Users/Profe/Downloads/PAPRIUM project/paprium-pocket/target/pocket/data_loader.sv Line: 96
Info (12133): Instantiated megafunction "core_top:ic|data_loader:rom_data_loader|dcfifo:dcfifo_component" with the following parameter: File: C:/Users/Profe/Downloads/PAPRIUM project/paprium-pocket/target/pocket/data_loader.sv Line: 96
    Info (12134): Parameter "clocks_are_synchronized" = "FALSE"
    Info (12134): Parameter "intended_device_family" = "Cyclone V"
    Info (12134): Parameter "lpm_numwords" = "4"
    Info (12134): Parameter "lpm_showahead" = "OFF"
    Info (12134): Parameter "lpm_type" = "dcfifo"
    Info (12134): Parameter "lpm_width" = "44"
    Info (12134): Parameter "lpm_widthu" = "2"
    Info (12134): Parameter "overflow_checking" = "OFF"
    Info (12134): Parameter "rdsync_delaypipe" = "5"
    Info (12134): Parameter "underflow_checking" = "OFF"
    Info (12134): Parameter "use_eab" = "OFF"
    Info (12134): Parameter "wrsync_delaypipe" = "5"
Info (12021): Found 1 design units, including 1 entities, in source file db/dcfifo_06o1.tdf
    Info (12023): Found entity 1: dcfifo_06o1 File: C:/Users/Profe/Downloads/PAPRIUM project/paprium-pocket/projects/db/dcfifo_06o1.tdf Line: 39
Info (12128): Elaborating entity "dcfifo_06o1" for hierarchy "core_top:ic|data_loader:rom_data_loader|dcfifo:dcfifo_component|dcfifo_06o1:auto_generated" File: c:/intelfpga_lite/21.1/quartus/libraries/megafunctions/dcfifo.tdf Line: 191
Info (12021): Found 1 design units, including 1 entities, in source file db/a_graycounter_7g6.tdf
    Info (12023): Found entity 1: a_graycounter_7g6 File: C:/Users/Profe/Downloads/PAPRIUM project/paprium-pocket/projects/db/a_graycounter_7g6.tdf Line: 25
Info (12128): Elaborating entity "a_graycounter_7g6" for hierarchy "core_top:ic|data_loader:rom_data_loader|dcfifo:dcfifo_component|dcfifo_06o1:auto_generated|a_graycounter_7g6:rdptr_g1p" File: C:/Users/Profe/Downloads/PAPRIUM project/paprium-pocket/projects/db/dcfifo_06o1.tdf Line: 50
Info (12021): Found 1 design units, including 1 entities, in source file db/a_graycounter_3ub.tdf
    Info (12023): Found entity 1: a_graycounter_3ub File: C:/Users/Profe/Downloads/PAPRIUM project/paprium-pocket/projects/db/a_graycounter_3ub.tdf Line: 25
Info (12128): Elaborating entity "a_graycounter_3ub" for hierarchy "core_top:ic|data_loader:rom_data_loader|dcfifo:dcfifo_component|dcfifo_06o1:auto_generated|a_graycounter_3ub:wrptr_g1p" File: C:/Users/Profe/Downloads/PAPRIUM project/paprium-pocket/projects/db/dcfifo_06o1.tdf Line: 51
Info (12021): Found 1 design units, including 1 entities, in source file db/altsyncram_o0i1.tdf
    Info (12023): Found entity 1: altsyncram_o0i1 File: C:/Users/Profe/Downloads/PAPRIUM project/paprium-pocket/projects/db/altsyncram_o0i1.tdf Line: 29
Info (12128): Elaborating entity "altsyncram_o0i1" for hierarchy "core_top:ic|data_loader:rom_data_loader|dcfifo:dcfifo_component|dcfifo_06o1:auto_generated|altsyncram_o0i1:fifo_ram" File: C:/Users/Profe/Downloads/PAPRIUM project/paprium-pocket/projects/db/dcfifo_06o1.tdf Line: 52
Info (12021): Found 1 design units, including 1 entities, in source file db/decode_v07.tdf
    Info (12023): Found entity 1: decode_v07 File: C:/Users/Profe/Downloads/PAPRIUM project/paprium-pocket/projects/db/decode_v07.tdf Line: 23
Info (12128): Elaborating entity "decode_v07" for hierarchy "core_top:ic|data_loader:rom_data_loader|dcfifo:dcfifo_component|dcfifo_06o1:auto_generated|altsyncram_o0i1:fifo_ram|decode_v07:address_decoder" File: C:/Users/Profe/Downloads/PAPRIUM project/paprium-pocket/projects/db/altsyncram_o0i1.tdf Line: 49
Info (12021): Found 1 design units, including 1 entities, in source file db/mux_vs7.tdf
    Info (12023): Found entity 1: mux_vs7 File: C:/Users/Profe/Downloads/PAPRIUM project/paprium-pocket/projects/db/mux_vs7.tdf Line: 23
Info (12128): Elaborating entity "mux_vs7" for hierarchy "core_top:ic|data_loader:rom_data_loader|dcfifo:dcfifo_component|dcfifo_06o1:auto_generated|altsyncram_o0i1:fifo_ram|mux_vs7:output_mux" File: C:/Users/Profe/Downloads/PAPRIUM project/paprium-pocket/projects/db/altsyncram_o0i1.tdf Line: 50
Info (12021): Found 1 design units, including 1 entities, in source file db/alt_synch_pipe_b9l.tdf
    Info (12023): Found entity 1: alt_synch_pipe_b9l File: C:/Users/Profe/Downloads/PAPRIUM project/paprium-pocket/projects/db/alt_synch_pipe_b9l.tdf Line: 27
Info (12128): Elaborating entity "alt_synch_pipe_b9l" for hierarchy "core_top:ic|data_loader:rom_data_loader|dcfifo:dcfifo_component|dcfifo_06o1:auto_generated|alt_synch_pipe_b9l:rs_dgwp" File: C:/Users/Profe/Downloads/PAPRIUM project/paprium-pocket/projects/db/dcfifo_06o1.tdf Line: 71
Info (12021): Found 1 design units, including 1 entities, in source file db/dffpipe_su8.tdf
    Info (12023): Found entity 1: dffpipe_su8 File: C:/Users/Profe/Downloads/PAPRIUM project/paprium-pocket/projects/db/dffpipe_su8.tdf Line: 25
Info (12128): Elaborating entity "dffpipe_su8" for hierarchy "core_top:ic|data_loader:rom_data_loader|dcfifo:dcfifo_component|dcfifo_06o1:auto_generated|alt_synch_pipe_b9l:rs_dgwp|dffpipe_su8:dffpipe7" File: C:/Users/Profe/Downloads/PAPRIUM project/paprium-pocket/projects/db/alt_synch_pipe_b9l.tdf Line: 34
Info (12021): Found 1 design units, including 1 entities, in source file db/cmpr_qu5.tdf
    Info (12023): Found entity 1: cmpr_qu5 File: C:/Users/Profe/Downloads/PAPRIUM project/paprium-pocket/projects/db/cmpr_qu5.tdf Line: 23
Info (12128): Elaborating entity "cmpr_qu5" for hierarchy "core_top:ic|data_loader:rom_data_loader|dcfifo:dcfifo_component|dcfifo_06o1:auto_generated|cmpr_qu5:rdempty_eq_comp1_lsb" File: C:/Users/Profe/Downloads/PAPRIUM project/paprium-pocket/projects/db/dcfifo_06o1.tdf Line: 73
Info (12021): Found 1 design units, including 1 entities, in source file db/cmpr_pu5.tdf
    Info (12023): Found entity 1: cmpr_pu5 File: C:/Users/Profe/Downloads/PAPRIUM project/paprium-pocket/projects/db/cmpr_pu5.tdf Line: 23
Info (12128): Elaborating entity "cmpr_pu5" for hierarchy "core_top:ic|data_loader:rom_data_loader|dcfifo:dcfifo_component|dcfifo_06o1:auto_generated|cmpr_pu5:rdempty_eq_comp1_msb" File: C:/Users/Profe/Downloads/PAPRIUM project/paprium-pocket/projects/db/dcfifo_06o1.tdf Line: 74
Info (12021): Found 1 design units, including 1 entities, in source file db/mux_5r7.tdf
    Info (12023): Found entity 1: mux_5r7 File: C:/Users/Profe/Downloads/PAPRIU